// Jest Snapshot v1, https://goo.gl/fbAQLP

exports[`getAccountAliasQuery invalid  1`] = `"Invalid accountAlias string "`;

exports[`getAccountAliasQuery invalid 0. 1`] = `"Invalid accountAlias string 0."`;

exports[`getAccountAliasQuery invalid 0.0. 1`] = `"Invalid accountAlias string 0.0."`;

exports[`getAccountAliasQuery invalid 0.0.00 1`] = `"Invalid accountAlias string 0.0.00"`;

exports[`getAccountAliasQuery invalid 0.0.11 1`] = `"Invalid accountAlias string 0.0.11"`;

exports[`getAccountAliasQuery invalid 0.0.88 1`] = `"Invalid accountAlias string 0.0.88"`;

exports[`getAccountAliasQuery invalid 0.0.99 1`] = `"Invalid accountAlias string 0.0.99"`;

exports[`getAccountAliasQuery invalid 0.0.A 1`] = `"Invalid accountAlias string 0.0.A"`;

exports[`getAccountAliasQuery invalid 0.0.AA====== 1`] = `"Invalid accountAlias string 0.0.AA======"`;

exports[`getAccountAliasQuery invalid 0.0.AAA 1`] = `"Invalid accountAlias string 0.0.AAA"`;

exports[`getAccountAliasQuery invalid 0.0.AAAAAA 1`] = `"Invalid accountAlias string 0.0.AAAAAA"`;

exports[`getAccountAliasQuery invalid 0.0.aa 1`] = `"Invalid accountAlias string 0.0.aa"`;

exports[`getAccountAliasQuery invalid 0.00 1`] = `"Invalid accountAlias string 0.00"`;

exports[`getAccountAliasQuery invalid 0.11 1`] = `"Invalid accountAlias string 0.11"`;

exports[`getAccountAliasQuery invalid 0.88 1`] = `"Invalid accountAlias string 0.88"`;

exports[`getAccountAliasQuery invalid 0.99 1`] = `"Invalid accountAlias string 0.99"`;

exports[`getAccountAliasQuery invalid 0.A 1`] = `"Invalid accountAlias string 0.A"`;

exports[`getAccountAliasQuery invalid 0.AA====== 1`] = `"Invalid accountAlias string 0.AA======"`;

exports[`getAccountAliasQuery invalid 0.AAA 1`] = `"Invalid accountAlias string 0.AAA"`;

exports[`getAccountAliasQuery invalid 0.AAAAAA 1`] = `"Invalid accountAlias string 0.AAAAAA"`;

exports[`getAccountAliasQuery invalid 0.aa 1`] = `"Invalid accountAlias string 0.aa"`;

exports[`getAccountAliasQuery invalid 00 1`] = `"Invalid accountAlias string 00"`;

exports[`getAccountAliasQuery invalid 11 1`] = `"Invalid accountAlias string 11"`;

exports[`getAccountAliasQuery invalid 88 1`] = `"Invalid accountAlias string 88"`;

exports[`getAccountAliasQuery invalid 99 1`] = `"Invalid accountAlias string 99"`;

exports[`getAccountAliasQuery invalid 100000.0.AABBCC22 1`] = `"Invalid accountAlias string 100000.0.AABBCC22"`;

exports[`getAccountAliasQuery invalid 100000.AABBCC22 1`] = `"Invalid accountAlias string 100000.AABBCC22"`;

exports[`getAccountAliasQuery invalid A 1`] = `"Invalid accountAlias string A"`;

exports[`getAccountAliasQuery invalid AA====== 1`] = `"Invalid accountAlias string AA======"`;

exports[`getAccountAliasQuery invalid AAA 1`] = `"Invalid accountAlias string AAA"`;

exports[`getAccountAliasQuery invalid AAAAAA 1`] = `"Invalid accountAlias string AAAAAA"`;

exports[`getAccountAliasQuery invalid aa 1`] = `"Invalid accountAlias string aa"`;

exports[`getAccountAliasQuery invalid null 1`] = `"Invalid accountAlias string null"`;

exports[`getAccountAliasQuery invalid undefined 1`] = `"Invalid accountAlias string undefined"`;
