// Jest Snapshot v1, https://goo.gl/fbAQLP

exports[`Load environment configuration: Max Timestamp Range invalid 1`] = `"invalid query.maxTimestampRange 3x"`;

exports[`Load environment configuration: Max Timestamp Range null 1`] = `"invalid query.maxTimestampRange null"`;

exports[`Override query config invalid maxTimestampRange 1`] = `"invalid query.maxTimestampRange 1q"`;

exports[`Override query config invalid maxTransactionConsensusTimestampRange 1`] = `"invalid query.maxTransactionConsensusTimestampRange 1z"`;
