// Jest Snapshot v1, https://goo.gl/fbAQLP

exports[`extractSqlFromTransactionsByIdOrHashRequest invalidTransactionIdOrHash 0.1.x-1235234-5334 1`] = `"Invalid Transaction id. Please use "shard.realm.num-sss-nnn" format where sss are seconds and nnn are nanoseconds"`;

exports[`extractSqlFromTransactionsByIdOrHashRequest invalidTransactionIdOrHash 0xab4af784ae69ca3e1d17fef8491f7f89a0e8a3b80ad3748b841110f0345ada53456bc14bbe9ee6f441829c2849 1`] = `"Invalid Transaction id. Please use "shard.realm.num-sss-nnn" format where sss are seconds and nnn are nanoseconds"`;

exports[`extractSqlFromTransactionsByIdOrHashRequest invalidTransactionIdOrHash ab4af784ae69ca3e1d17fef8491f7f89a0e8a3b80ad3748b841110f0345ada53456bc14bbe9ee6f441829c2849 1`] = `"Invalid Transaction id. Please use "shard.realm.num-sss-nnn" format where sss are seconds and nnn are nanoseconds"`;

exports[`extractSqlFromTransactionsByIdOrHashRequest invalidTransactionIdOrHash izUDXqZ8gOhKlL5vbFInnw2VObTXzNWEH2QOg7XOUQwl9Mp2SVil8lufZIU6xJEE==== 1`] = `"Invalid Transaction id. Please use "shard.realm.num-sss-nnn" format where sss are seconds and nnn are nanoseconds"`;
