// Jest Snapshot v1, https://goo.gl/fbAQLP

exports[`extractNftMultiUnionQuery range bound throws serialnumber gt with no token.id gt(e) bound 1`] = `"A lower bound serialnumber filter requires a lower bound tokenId parameter filter"`;

exports[`extractNftMultiUnionQuery range bound throws serialnumber lt with no token.id lt(e) bound 1`] = `"An upper bound serialnumber filter requires an upper bound tokenId parameter filter"`;

exports[`extractNftMultiUnionQuery range bound throws token and serialnumber repeated range bound 1`] = `"Multiple range params not allowed for token.id"`;

exports[`extractNftMultiUnionQuery range bound throws token.id gt(e) repeated bound 1`] = `"Multiple range params not allowed for token.id"`;

exports[`extractNftMultiUnionQuery range bound throws token.id lt(e) repeated bound 1`] = `"Multiple range params not allowed for token.id"`;

exports[`extractNftMultiUnionQuery throws limit 1`] = `"Multiple range params not allowed for limit"`;

exports[`extractNftMultiUnionQuery throws order asc 1`] = `"Multiple range params not allowed for order"`;

exports[`extractNftMultiUnionQuery throws token.id eq repeated 1`] = `"Multiple range params not allowed for token.id"`;

exports[`extractNftMultiUnionQuery throws token.id ne 1`] = `"Not equals (ne) comparison operator is not supported"`;

exports[`validateSingleFilterKeyOccurence throw serialnumber multiple occurence 1`] = `"Multiple range params not allowed for serialnumber"`;

exports[`validateSingleFilterKeyOccurence throw token.id multiple occurence 1`] = `"Multiple range params not allowed for token.id"`;
