// Jest Snapshot v1, https://goo.gl/fbAQLP

exports[`extractNftsQuery throws bad token id with serialnumber 1`] = `"Cannot search NFTs with serialnumber without also specifying a single tokenId value"`;

exports[`extractNftsQuery throws serialnumber with missing tokenId 1`] = `"Cannot search NFTs with serialnumber without also specifying a single tokenId value"`;
