// Jest Snapshot v1, https://goo.gl/fbAQLP

exports[`extractNftsQuery throws repeated serial number range filter 1`] = `"Multiple range params not allowed for serialnumber"`;

exports[`extractNftsQuery throws repeated token range filter 1`] = `"Multiple range params not allowed for token.id"`;

exports[`extractNftsQuery throws serialnumber with missing tokenId 1`] = `"Cannot search NFTs with serialnumber without a tokenId parameter filter"`;

exports[`validateSingleFilterKeyOccurence throw serialnumber multiple occurence 1`] = `"Multiple range params not allowed for serialnumber"`;

exports[`validateSingleFilterKeyOccurence throw token.id multiple occurence 1`] = `"Multiple range params not allowed for token.id"`;
