// Jest Snapshot v1, https://goo.gl/fbAQLP

exports[`from v6 buffer or compact object check individual field from v6 buffer - toCompactObject - ["0.0.1-123-123456789"] 1`] = `"Transaction 0.0.1-123-123456789 not found in the successful transactions map"`;

exports[`from v6 buffer or compact object check individual field from v6 compact object - toCompactObject - ["0.0.1-123-123456789"] 1`] = `"Transaction 0.0.1-123-123456789 not found in the successful transactions map"`;

exports[`from v6 buffer or compact object end running hash mismatch 1`] = `"End object running hash mismatch"`;

exports[`from v6 buffer or compact object truncated v6 buffer 1`] = `"index out of range: 6658 + 1 > 6658"`;

exports[`from v6 buffer or compact object v6 buffer with extra data 1`] = `"index out of range: 6660 + 1 > 6660"`;

exports[`unsupported record file version create object from version 1 1`] = `"Unsupported record file version, expect 6"`;

exports[`unsupported record file version create object from version 2 1`] = `"Unsupported record file version, expect 6"`;

exports[`unsupported record file version create object from version 3 1`] = `"Unsupported record file version, expect 6"`;

exports[`unsupported record file version create object from version 4 1`] = `"Unsupported record file version, expect 6"`;

exports[`unsupported record file version create object from version 5 1`] = `"Unsupported record file version, expect 6"`;
